// Jest Snapshot v1, https://goo.gl/fbAQLP

exports[`should strip ansi codes 1`] = `foocake`;
